// Jest Snapshot v1, https://goo.gl/fbAQLP

exports[`Render home unchanged 1`] = `
<div>
  <div
    class="container"
  >
    <main>
      <h1
        class="title"
      >
        Welcome to top TV Shows with G!
      </h1>
      <p
        class="description"
      >
        Click a movie to learn more!
      </p>
      <div
        class="grid"
      />
    </main>
    <footer
      class="footer"
    >
      <a
        href="https://vercel.com?utm_source=create-next-app&utm_medium=default-template&utm_campaign=create-next-app"
        rel="noopener noreferrer"
        target="_blank"
      >
        Powered by
         
        <span
          class="logo"
        >
          <img
            alt="Vercel Logo"
            data-nimg="1"
            decoding="async"
            height="16"
            loading="lazy"
            src="/vercel.svg"
            style="color: transparent;"
            width="72"
          />
        </span>
      </a>
    </footer>
  </div>
</div>
`;

exports[`Render show unchanged 1`] = `
<div>
  <div
    class="container"
  >
    <h1>
      A
    </h1>
    <div>
      B
    </div>
    <a
      href="/home"
    >
      <button>
        Back
      </button>
    </a>
    <h2>
      0
    </h2>
    <button
      type="button"
    >
      +
    </button>
  </div>
</div>
`;
